
> toktickit-monorepo@1.0.0 test:e2e:capture:lab3
> node e2e/lab-03/capture-evidence.mjs

Prisma schema loaded from server\prisma\schema.prisma
Datasource "db": PostgreSQL database "lab3_final_20260927_browser_test", schema "public" at "127.0.0.1:55433"

3 migrations found in prisma/migrations

Applying migration `20260810155801_init`
Applying migration `20260831003000_lab2_data_requester_context`
Applying migration `20260913060000_lab3_accounts`

The following migration(s) have been applied:

migrations/
  └─ 20260810155801_init/
    └─ migration.sql
  └─ 20260831003000_lab2_data_requester_context/
    └─ migration.sql
  └─ 20260913060000_lab3_accounts/
    └─ migration.sql
      
All migrations have been successfully applied.

Running 17 tests using 1 worker

(node:4000) Warning: The 'NO_COLOR' env is ignored due to the 'FORCE_COLOR' env being set.
(Use `node --trace-warnings ...` to show where the warning was created)
  ok  1 e2e\lab-02\authentication.spec.ts:5:5 › AUTH-E2E initial-password gate, change, role landing and logout on a real browser (6.7s)
  ok  2 e2e\lab-02\requester-ticket-flow.spec.ts:14:5 › E2E-01 creates a Ticket, finds it in My Tickets, and opens owned detail (1.5s)
  ok  3 e2e\lab-02\requester-ticket-flow.spec.ts:44:5 › E2E-02 switches requester and protects direct Ticket and Attachment access (2.3s)
  ok  4 e2e\lab-02\requester-ticket-flow.spec.ts:78:5 › E2E-03 exercises invalid, limit, download, and soft-removal Attachment states (1.9s)
  ok  5 e2e\lab-02\responsive-visual.spec.ts:25:7 › RESP-01 keeps every requester screen usable at desktop (1.8s)
  ok  6 e2e\lab-02\responsive-visual.spec.ts:25:7 › RESP-01 keeps every requester screen usable at tablet (1.7s)
  ok  7 e2e\lab-02\responsive-visual.spec.ts:25:7 › RESP-01 keeps every requester screen usable at mobile (1.5s)
  ok  8 e2e\lab-02\responsive-visual.spec.ts:66:5 › VIS-01 captures the complete Zen Green screenshot contract (6.3s)
  ok  9 e2e\lab-03\admin-users.spec.ts:8:5 › E2E-03 Admin creates, edits and resets an account; new credentials require password change (4.1s)
  ok 10 e2e\lab-03\admin-users.spec.ts:26:5 › RESP/VIS administrator directory, editor and reset dialog at four widths (3.1s)
  ok 11 e2e\lab-03\admin-users.spec.ts:43:5 › Admin dirty edits survive cancelled shell navigation and browser Back (1.2s)
  ok 12 e2e\lab-03\staff-ticket-flow.spec.ts:11:5 › E2E-02 staff workflow, public/private conversation, indication, Admin restriction and reopening (4.3s)
  ok 13 e2e\lab-03\staff-ticket-flow.spec.ts:45:5 › RESP/VIS staff queue and private detail remain usable at desktop, tablet, mobile and 320px (3.1s)
  ok 14 e2e\lab-03\system-verification.spec.ts:14:7 › SYSTEM responsive authentication, recovery and role evidence: desktop (8.9s)
  ok 15 e2e\lab-03\system-verification.spec.ts:14:7 › SYSTEM responsive authentication, recovery and role evidence: tablet (10.0s)
  ok 16 e2e\lab-03\system-verification.spec.ts:14:7 › SYSTEM responsive authentication, recovery and role evidence: mobile (8.2s)
  ok 17 e2e\lab-03\system-verification.spec.ts:14:7 › SYSTEM responsive authentication, recovery and role evidence: narrow (7.9s)

  17 passed (1.5m)
Captured 109 Lab 3 screenshots with SHA-256 manifest.
